{"level":"error","message":"[Error ID: 821711eb6e06] [\"Name must be unique\"]","timestamp":"2025-04-26T09:52:15.667Z"}
{"level":"error","message":"[Error ID: 7a148758ae3f] \"\\nInvalid `prisma.facts.update()` invocation:\\n\\n\\nUnique constraint failed on the constraint: `Facts_name_key`\"","timestamp":"2025-04-26T09:53:53.233Z"}
{"level":"error","message":"[Error ID: 8ba86d58522f] \"\\nInvalid `prisma.facts.update()` invocation:\\n\\n\\nUnique constraint failed on the constraint: `Facts_name_key`\"","timestamp":"2025-04-26T09:54:09.647Z"}
{"level":"error","message":"[Error ID: 4d08915e0b10] [\"Name must be unique\"]","timestamp":"2025-04-26T09:56:00.740Z"}
{"level":"error","message":"[Error ID: 3256e07b9e2c] [\"Name must be unique\"]","timestamp":"2025-04-26T09:56:05.981Z"}
{"level":"error","message":"[Error ID: e87f8cd55cb4] \"Cannot destructure property 'Icon' of 'req.body' as it is undefined.\"","timestamp":"2025-04-26T09:56:38.968Z"}
{"level":"error","message":"[Error ID: 0f1b56516f87] \"Cannot destructure property 'Icon' of 'req.body' as it is undefined.\"","timestamp":"2025-04-26T10:00:37.152Z"}
{"level":"error","message":"[Error ID: aa45e2dab318] [\"Name must be unique\"]","timestamp":"2025-04-26T10:00:50.408Z"}
{"level":"error","message":"[Error ID: 0cf76829ad72] \"\\nInvalid `prisma.facts.delete()` invocation:\\n\\n{\\n  where: {\\n    id: \\\"232\\\"\\n        ~~~~~\\n  }\\n}\\n\\nArgument `id`: Invalid value provided. Expected Int, provided String.\"","timestamp":"2025-04-26T10:04:44.998Z"}
{"level":"error","message":"[Error ID: 627fd98db78d] \"\\nInvalid `prisma.facts.delete()` invocation:\\n\\n{\\n  where: {\\n    id: \\\"xd\\\"\\n        ~~~~\\n  }\\n}\\n\\nArgument `id`: Invalid value provided. Expected Int, provided String.\"","timestamp":"2025-04-26T10:05:56.788Z"}
{"level":"error","message":"[Error ID: 11c4f7a36d58] \"\\nInvalid `prisma.facts.delete()` invocation:\\n\\n{\\n  where: {\\n    id: \\\"22\\\"\\n        ~~~~\\n  }\\n}\\n\\nArgument `id`: Invalid value provided. Expected Int, provided String.\"","timestamp":"2025-04-26T10:06:11.798Z"}
{"level":"error","message":"[Error ID: 99f1e1d107c1] \"\\nInvalid `prisma.facts.delete()` invocation:\\n\\n\\nAn operation failed because it depends on one or more records that were required but not found. Record to delete does not exist.\"","timestamp":"2025-04-26T10:06:27.183Z"}
{"level":"error","message":"[Error ID: 5d3b3e1e8c8a] \"\\nInvalid `prisma.facts.delete()` invocation:\\n\\n\\nAn operation failed because it depends on one or more records that were required but not found. Record to delete does not exist.\"","timestamp":"2025-04-26T10:07:22.472Z"}
{"level":"error","message":"[Error ID: d64e125b4cc1] \"\\nInvalid `prisma.facts.delete()` invocation:\\n\\n\\nAn operation failed because it depends on one or more records that were required but not found. Record to delete does not exist.\"","timestamp":"2025-04-26T10:08:01.850Z"}
{"level":"error","message":"[Error ID: 78f22e16e712] \"\\nInvalid `prisma.facts.delete()` invocation:\\n\\n\\nAn operation failed because it depends on one or more records that were required but not found. Record to delete does not exist.\"","timestamp":"2025-04-26T10:09:31.419Z"}
{"level":"error","message":"[Error ID: 3fa117e8ff9d] \"\\nInvalid `prisma.facts.delete()` invocation:\\n\\n\\nAn operation failed because it depends on one or more records that were required but not found. Record to delete does not exist.\"","timestamp":"2025-04-26T10:09:59.635Z"}
{"level":"error","message":"[Error ID: 147fa62b9217] \"\\nInvalid `prisma.facts.delete()` invocation:\\n\\n{\\n  where: {\\n+   id: Int\\n  }\\n}\\n\\nArgument `id` is missing.\"","timestamp":"2025-04-26T10:33:40.307Z"}
{"level":"error","message":"[Error ID: 679558e5955d] \"\\nInvalid `prisma.facts.delete()` invocation:\\n\\n\\nAn operation failed because it depends on one or more records that were required but not found. Record to delete does not exist.\"","timestamp":"2025-04-26T10:42:19.786Z"}
{"level":"error","message":"[Error ID: ee4a87b9c855] \"\\nInvalid `prisma.facts.delete()` invocation:\\n\\n\\nAn operation failed because it depends on one or more records that were required but not found. Record to delete does not exist.\"","timestamp":"2025-04-26T10:42:21.554Z"}
{"level":"error","message":"[Error ID: 6e8773182b06] \"\\nInvalid `prisma.facts.delete()` invocation:\\n\\n\\nAn operation failed because it depends on one or more records that were required but not found. Record to delete does not exist.\"","timestamp":"2025-04-26T10:42:37.833Z"}
{"level":"error","message":"[Error ID: 57104069a83d] [\"Name must be unique\"]","timestamp":"2025-04-26T16:13:20.676Z"}
{"level":"error","message":"[Error ID: ab198440896b] [\"Name must be unique\"]","timestamp":"2025-04-26T16:13:36.565Z"}
{"level":"error","message":"[Error ID: 3702a566ae43] \"\\nInvalid `prisma.facts.update()` invocation:\\n\\n\\nAn operation failed because it depends on one or more records that were required but not found. Record to update not found.\"","timestamp":"2025-04-26T16:13:56.785Z"}
{"level":"error","message":"[Error ID: ed06966ed8a1] \"\\nInvalid `prisma.facts.update()` invocation:\\n\\n\\nAn operation failed because it depends on one or more records that were required but not found. Record to update not found.\"","timestamp":"2025-04-26T16:17:57.067Z"}
{"level":"error","message":"[Error ID: 123533709a79] \"\\nInvalid `prisma.facts.update()` invocation:\\n\\n\\nAn operation failed because it depends on one or more records that were required but not found. Record to update not found.\"","timestamp":"2025-04-26T16:17:59.065Z"}
{"level":"error","message":"[Error ID: a1c02f1dda44] \"\\nInvalid `prisma.facts.update()` invocation:\\n\\n\\nAn operation failed because it depends on one or more records that were required but not found. Record to update not found.\"","timestamp":"2025-04-26T16:21:45.335Z"}
{"level":"error","message":"[Error ID: 54047f983194] [\"Name must be unique\"]","timestamp":"2025-04-26T16:22:15.558Z"}
{"level":"error","message":"[Error ID: d9d6f66ff78d] [\"Name must be unique\"]","timestamp":"2025-04-26T16:22:22.079Z"}
{"level":"error","message":"[Error ID: abff1cdbd7a8] [\"Name must be unique\"]","timestamp":"2025-04-26T16:22:31.742Z"}
{"level":"error","message":"[Error ID: db45ce364cd6] \"\\nInvalid `prisma.facts.update()` invocation:\\n\\n\\nAn operation failed because it depends on one or more records that were required but not found. Record to update not found.\"","timestamp":"2025-04-26T16:22:38.383Z"}
{"level":"error","message":"[Error ID: 4368d0d9ee00] \"\\nInvalid `prisma.facts.update()` invocation:\\n\\n{\\n  where: {\\n    id: \\\"xd\\\"\\n        ~~~~\\n  },\\n  data: {\\n    Icon: \\\"xd\\\",\\n    name: \\\"fefed\\\",\\n    value: \\\"22\\\"\\n  }\\n}\\n\\nArgument `id`: Invalid value provided. Expected Int, provided String.\"","timestamp":"2025-04-26T16:23:54.296Z"}
{"level":"error","message":"[Error ID: b74747bedd85] [\"ID is required\",\"Icon is a required field\",\"name is a required field\",\"value is a required field\"]","timestamp":"2025-04-26T16:26:31.432Z"}
{"level":"error","message":"[Error ID: 2e78640f542a] \"\\nInvalid `prisma.facts.update()` invocation:\\n\\n{\\n  where: {\\n    id: \\\"xd\\\"\\n        ~~~~\\n  },\\n  data: {\\n    Icon: \\\"xd\\\",\\n    name: \\\"fefed\\\",\\n    value: \\\"22\\\"\\n  }\\n}\\n\\nArgument `id`: Invalid value provided. Expected Int, provided String.\"","timestamp":"2025-04-26T16:26:37.793Z"}
{"level":"error","message":"[Error ID: 846b70193a60] \"\\nInvalid `prisma.facts.update()` invocation:\\n\\n\\nAn operation failed because it depends on one or more records that were required but not found. Record to update not found.\"","timestamp":"2025-04-26T16:27:19.228Z"}
{"level":"error","message":"[Error ID: c3fe066eccc1] \"\\nInvalid `prisma.facts.update()` invocation:\\n\\n\\nAn operation failed because it depends on one or more records that were required but not found. Record to update not found.\"","timestamp":"2025-04-26T16:29:10.743Z"}
{"level":"error","message":"[Error ID: fc25985629ca] \"\\nInvalid `prisma.facts.update()` invocation:\\n\\n\\nAn operation failed because it depends on one or more records that were required but not found. Record to update not found.\"","timestamp":"2025-04-26T16:29:13.066Z"}
{"level":"error","message":"[Error ID: 9ae306d5b5a4] [\"ID is required\"]","timestamp":"2025-04-26T16:30:28.497Z"}
{"level":"error","message":"[Error ID: 793d9d2aa68e] \"\\nInvalid `prisma.facts.update()` invocation:\\n\\n{\\n  where: {\\n    id: \\\"xd\\\"\\n        ~~~~\\n  },\\n  data: {\\n    Icon: \\\"xd\\\",\\n    name: \\\"fefed\\\",\\n    value: \\\"22\\\"\\n  }\\n}\\n\\nArgument `id`: Invalid value provided. Expected Int, provided String.\"","timestamp":"2025-04-26T16:32:33.985Z"}
{"level":"error","message":"[Error ID: 7962b33cb065] \"\\nInvalid `prisma.facts.update()` invocation:\\n\\n{\\n  where: {\\n    id: \\\"22\\\"\\n        ~~~~\\n  },\\n  data: {\\n    Icon: \\\"xd\\\",\\n    name: \\\"fefed\\\",\\n    value: \\\"22\\\"\\n  }\\n}\\n\\nArgument `id`: Invalid value provided. Expected Int, provided String.\"","timestamp":"2025-04-26T16:32:40.916Z"}
{"level":"error","message":"[Error ID: 5820d34cbc63] \"\\nInvalid `prisma.facts.update()` invocation:\\n\\n{\\n  where: {\\n    id: \\\"22\\\"\\n        ~~~~\\n  },\\n  data: {\\n    Icon: \\\"xd\\\",\\n    name: \\\"fefed\\\",\\n    value: \\\"22\\\"\\n  }\\n}\\n\\nArgument `id`: Invalid value provided. Expected Int, provided String.\"","timestamp":"2025-04-26T16:33:18.169Z"}
{"level":"error","message":"[Error ID: b43d2ff7fbc2] \"\\nInvalid `prisma.facts.update()` invocation:\\n\\n{\\n  where: {\\n    id: \\\"22\\\"\\n        ~~~~\\n  },\\n  data: {\\n    Icon: \\\"xd\\\",\\n    name: \\\"fefed\\\",\\n    value: \\\"22\\\"\\n  }\\n}\\n\\nArgument `id`: Invalid value provided. Expected Int, provided String.\"","timestamp":"2025-04-26T16:35:23.657Z"}
{"level":"error","message":"[Error ID: c01eea28db19] \"\\nInvalid `prisma.facts.update()` invocation:\\n\\n{\\n  where: {\\n    id: \\\"11\\\"\\n        ~~~~\\n  },\\n  data: {\\n    Icon: \\\"xd\\\",\\n    name: \\\"fefed\\\",\\n    value: \\\"22\\\"\\n  }\\n}\\n\\nArgument `id`: Invalid value provided. Expected Int, provided String.\"","timestamp":"2025-04-26T16:35:34.144Z"}
{"level":"error","message":"[Error ID: 7f55513104bc] [\"Name must be unique\"]","timestamp":"2025-04-26T16:36:32.636Z"}
{"level":"error","message":"[Error ID: 57da174924d2] [\"Name must be unique\"]","timestamp":"2025-04-26T16:36:36.608Z"}
